[05Nov.2024 15:11:55.029] [main/INFO] [cpw.mods.modlauncher.Launcher/MODLAUNCHER]: ModLauncher running: args [--mod, exterra, --all, --output, /Users/adrian/Documents/Modding/ExTerra/src/generated/resources, --existing, /Users/adrian/Documents/Modding/ExTerra/src/main/resources, --launchTarget, forgedatauserdev, --assetIndex, asset-index, --assetsDir, /Users/adrian/.gradle/caches/minecraft/assets/1.21, --gameDir, ., --fml.neoForgeVersion, 21.0.167, --fml.fmlVersion, 4.0.23, --fml.mcVersion, 1.21, --fml.neoFormVersion, 20240613.152323]
[05Nov.2024 15:11:55.030] [main/INFO] [cpw.mods.modlauncher.Launcher/MODLAUNCHER]: JVM identified as Oracle Corporation OpenJDK 64-Bit Server VM 21+35-2513
[05Nov.2024 15:11:55.031] [main/INFO] [cpw.mods.modlauncher.Launcher/MODLAUNCHER]: ModLauncher 11.0.4+main.d2e20e43 starting: java version 21 by Oracle Corporation; OS Mac OS X arch aarch64 version 14.5
[05Nov.2024 15:11:55.124] [main/INFO] [net.neoforged.fml.loading.ImmediateWindowHandler/]: ImmediateWindowProvider not loading because launch target is forgedatauserdev
[05Nov.2024 15:11:55.152] [main/INFO] [mixin/]: SpongePowered MIXIN Subsystem Version=0.8.6 Source=union:/Users/adrian/.gradle/caches/modules-2/files-2.1/net.fabricmc/sponge-mixin/0.14.0+mixin.0.8.6/c265173c84346e9e5d42a2384b2b02bd39a4a899/sponge-mixin-0.14.0+mixin.0.8.6.jar%23127!/ Service=ModLauncher Env=CLIENT
[05Nov.2024 15:11:55.286] [main/INFO] [net.neoforged.fml.loading.moddiscovery.ModDiscoverer/SCAN]: Found mod file "neoforge-21.0.167.jar" [locator: neoforge devenv provider ([/Users/adrian/Documents/Modding/ExTerra/.gradle/repositories/ng_dummy_ng/net/neoforged/neoforge/21.0.167/neoforge-21.0.167.jar])]
[05Nov.2024 15:11:55.296] [main/INFO] [net.neoforged.fml.loading.moddiscovery.ModDiscoverer/SCAN]: Found mod file "neoforge-21.0.167.jar" [locator: neoforge devenv provider ([/Users/adrian/Documents/Modding/ExTerra/.gradle/repositories/ng_dummy_ng/net/neoforged/neoforge/21.0.167/neoforge-21.0.167.jar])]
[05Nov.2024 15:11:55.302] [main/INFO] [net.neoforged.fml.loading.moddiscovery.ModDiscoverer/SCAN]: Found mod file "main" [locator: userdev mods and services, reader: mod manifest]
[05Nov.2024 15:11:55.309] [main/INFO] [net.neoforged.fml.loading.moddiscovery.ModDiscoverer/SCAN]: Found mod file "neoforge-21.0.167.jar" [locator: userdev mods and services, reader: mod manifest]
[05Nov.2024 15:11:55.313] [main/INFO] [net.neoforged.fml.loading.moddiscovery.ModDiscoverer/SCAN]: Found gamelibrary file "mixinextras-neoforge-0.3.5.jar" [locator: userdev mods and services, reader: mod manifest]
[05Nov.2024 15:11:55.369] [main/WARN] [net.neoforged.jarjar.selection.JarSelector/]: Attempted to select a dependency jar for JarJar which was passed in as source: mixinextras-neoforge-0.3.5.jar. Using Mod File: /Users/adrian/.gradle/caches/modules-2/files-2.1/io.github.llamalad7/mixinextras-neoforge/0.3.5/ef3ffcf309dae656517b2f120189b1c9b21737dd/mixinextras-neoforge-0.3.5.jar
[05Nov.2024 15:11:55.369] [main/INFO] [net.neoforged.fml.loading.moddiscovery.locators.JarInJarDependencyLocator/]: No dependencies to load found. Skipping!
[05Nov.2024 15:11:55.477] [main/INFO] [net.neoforged.fml.loading.FMLServiceProvider/CORE]: Loading coremod script-engine for [neoforge]
[05Nov.2024 15:11:55.915] [main/INFO] [cpw.mods.modlauncher.LaunchServiceHandler/MODLAUNCHER]: Launching target 'forgedatauserdev' with arguments [--gameDir, ., --assetsDir, /Users/adrian/.gradle/caches/minecraft/assets/1.21, --mod, exterra, --all, --output, /Users/adrian/Documents/Modding/ExTerra/src/generated/resources, --existing, /Users/adrian/Documents/Modding/ExTerra/src/main/resources, --assetIndex, asset-index]
[05Nov.2024 15:11:56.119] [main/INFO] [net.neoforged.neoforge.data.loading.DatagenModLoader/]: Initializing Data Gatherer for mods [exterra]
[05Nov.2024 15:11:56.128] [main/INFO] [MixinExtras|Service/]: Initializing MixinExtras via com.llamalad7.mixinextras.service.MixinExtrasServiceImpl(version=0.3.5).
[05Nov.2024 15:11:59.268] [modloading-worker-0/INFO] [net.neoforged.neoforge.common.NeoForgeMod/NEOFORGE-MOD]: NeoForge mod loading, version 21.0.167, for MC 1.21
[05Nov.2024 15:11:59.275] [modloading-worker-0/INFO] [com.kauruck.exterra.ExTerra/]: Registered 14 Items
[05Nov.2024 15:11:59.275] [modloading-worker-0/INFO] [com.kauruck.exterra.ExTerra/]: Registered 8 Blocks
[05Nov.2024 15:11:59.275] [modloading-worker-0/INFO] [com.kauruck.exterra.ExTerra/]: Registered 3 Blockentities
[05Nov.2024 15:11:59.276] [modloading-worker-0/INFO] [com.kauruck.exterra.ExTerra/]: Registered 0 Containers
[05Nov.2024 15:11:59.276] [modloading-worker-0/INFO] [com.kauruck.exterra.ExTerra/]: Registered 2 Matters
[05Nov.2024 15:11:59.276] [modloading-worker-0/INFO] [com.kauruck.exterra.ExTerra/]: Registered 1 recipe types
[05Nov.2024 15:11:59.276] [modloading-worker-0/INFO] [com.kauruck.exterra.ExTerra/]: Registered 1 recipe serializer
[05Nov.2024 15:11:59.276] [modloading-worker-0/INFO] [com.kauruck.exterra.ExTerra/]: Registered 1 ingredient serializer
[05Nov.2024 15:11:59.276] [modloading-worker-0/INFO] [com.kauruck.exterra.ExTerra/]: Registered 4 Data Components
[05Nov.2024 15:11:59.276] [modloading-worker-0/INFO] [com.kauruck.exterra.ExTerra/]: Registered 3 geometric serializer
[05Nov.2024 15:11:59.276] [modloading-worker-0/INFO] [com.kauruck.exterra.ExTerra/]: Registered 2 block entity property codecs
[05Nov.2024 15:11:59.276] [modloading-worker-0/INFO] [com.kauruck.exterra.ExTerra/]: Registered 1 creative tabs
[05Nov.2024 15:11:59.498] [main/WARN] [net.minecraft.server.packs.VanillaPackResourcesBuilder/]: Assets URL 'union:/Users/adrian/Documents/Modding/ExTerra/.gradle/repositories/ng_dummy_ng/net/neoforged/neoforge/21.0.167/neoforge-21.0.167.jar%23182!/assets/.mcassetsroot' uses unexpected schema
[05Nov.2024 15:11:59.499] [main/WARN] [net.minecraft.server.packs.VanillaPackResourcesBuilder/]: Assets URL 'union:/Users/adrian/Documents/Modding/ExTerra/.gradle/repositories/ng_dummy_ng/net/neoforged/neoforge/21.0.167/neoforge-21.0.167.jar%23182!/data/.mcassetsroot' uses unexpected schema
[05Nov.2024 15:11:59.575] [main/INFO] [net.minecraft.data.DataGenerator/]: Starting provider: Recipes
[05Nov.2024 15:11:59.665] [main/INFO] [net.minecraft.data.DataGenerator/]: Recipes finished after 89 ms
[05Nov.2024 15:11:59.665] [main/INFO] [net.minecraft.data.DataGenerator/]: Starting provider: Loot Tables
[05Nov.2024 15:11:59.673] [main/INFO] [net.minecraft.data.DataGenerator/]: Loot Tables finished after 7 ms
[05Nov.2024 15:11:59.673] [main/INFO] [net.minecraft.data.DataGenerator/]: Starting provider: Tags for minecraft:block mod id exterra
[05Nov.2024 15:11:59.677] [main/INFO] [net.minecraft.data.DataGenerator/]: Tags for minecraft:block mod id exterra finished after 3 ms
[05Nov.2024 15:11:59.677] [main/INFO] [net.minecraft.data.DataGenerator/]: Starting provider: ExTerra Shapes
[05Nov.2024 15:11:59.678] [main/INFO] [net.minecraft.data.DataGenerator/]: ExTerra Shapes finished after 0 ms
[05Nov.2024 15:11:59.678] [main/INFO] [net.minecraft.data.DataGenerator/]: Starting provider: Block States: exterra
[05Nov.2024 15:11:59.703] [main/INFO] [net.minecraft.data.DataGenerator/]: Block States: exterra finished after 25 ms
[05Nov.2024 15:11:59.703] [main/INFO] [net.minecraft.data.DataGenerator/]: Starting provider: Item Models: exterra
[05Nov.2024 15:11:59.705] [main/INFO] [net.minecraft.data.DataGenerator/]: Item Models: exterra finished after 1 ms
[05Nov.2024 15:11:59.705] [main/INFO] [net.minecraft.data.DataGenerator/]: All providers took: 130 ms
[05Nov.2024 15:11:59.708] [main/INFO] [net.minecraft.data.HashCache/]: Caching: total files: 62, old count: 62, new count: 63, removed stale: 0, written: 0
