[05Nov.2024 15:50:40.060] [main/INFO] [cpw.mods.modlauncher.Launcher/MODLAUNCHER]: ModLauncher running: args [--launchTarget, forgeclientuserdev, --version, 21.0.167, --assetIndex, asset-index, --assetsDir, /Users/adrian/.gradle/caches/minecraft/assets/1.21, --gameDir, ., --fml.neoForgeVersion, 21.0.167, --fml.fmlVersion, 4.0.23, --fml.mcVersion, 1.21, --fml.neoFormVersion, 20240613.152323]
[05Nov.2024 15:50:40.061] [main/INFO] [cpw.mods.modlauncher.Launcher/MODLAUNCHER]: JVM identified as Oracle Corporation OpenJDK 64-Bit Server VM 21+35-2513
[05Nov.2024 15:50:40.062] [main/INFO] [cpw.mods.modlauncher.Launcher/MODLAUNCHER]: ModLauncher 11.0.4+main.d2e20e43 starting: java version 21 by Oracle Corporation; OS Mac OS X arch aarch64 version 14.5
[05Nov.2024 15:50:40.129] [main/INFO] [net.neoforged.fml.loading.ImmediateWindowHandler/]: Loading ImmediateWindowProvider fmlearlywindow
[05Nov.2024 15:50:40.259] [main/INFO] [EARLYDISPLAY/]: Trying GL version 4.6
[05Nov.2024 15:50:40.295] [main/INFO] [EARLYDISPLAY/]: Trying GL version 4.5
[05Nov.2024 15:50:40.305] [main/INFO] [EARLYDISPLAY/]: Trying GL version 4.4
[05Nov.2024 15:50:40.314] [main/INFO] [EARLYDISPLAY/]: Trying GL version 4.3
[05Nov.2024 15:50:40.325] [main/INFO] [EARLYDISPLAY/]: Trying GL version 4.2
[05Nov.2024 15:50:40.331] [main/INFO] [EARLYDISPLAY/]: Trying GL version 4.1
[05Nov.2024 15:50:40.345] [main/INFO] [EARLYDISPLAY/]: Requested GL version 4.1 got version 4.1
[05Nov.2024 15:50:40.451] [main/INFO] [mixin/]: SpongePowered MIXIN Subsystem Version=0.8.6 Source=union:/Users/adrian/.gradle/caches/modules-2/files-2.1/net.fabricmc/sponge-mixin/0.14.0+mixin.0.8.6/c265173c84346e9e5d42a2384b2b02bd39a4a899/sponge-mixin-0.14.0+mixin.0.8.6.jar%23127!/ Service=ModLauncher Env=CLIENT
[05Nov.2024 15:50:40.591] [main/INFO] [net.neoforged.fml.loading.moddiscovery.ModDiscoverer/SCAN]: Found mod file "neoforge-21.0.167.jar" [locator: neoforge devenv provider ([/Users/adrian/Documents/Modding/ExTerra/.gradle/repositories/ng_dummy_ng/net/neoforged/neoforge/21.0.167/neoforge-21.0.167.jar])]
[05Nov.2024 15:50:40.601] [main/INFO] [net.neoforged.fml.loading.moddiscovery.ModDiscoverer/SCAN]: Found mod file "neoforge-21.0.167.jar" [locator: neoforge devenv provider ([/Users/adrian/Documents/Modding/ExTerra/.gradle/repositories/ng_dummy_ng/net/neoforged/neoforge/21.0.167/neoforge-21.0.167.jar])]
[05Nov.2024 15:50:40.608] [main/INFO] [net.neoforged.fml.loading.moddiscovery.ModDiscoverer/SCAN]: Found mod file "main" [locator: userdev mods and services, reader: mod manifest]
[05Nov.2024 15:50:40.616] [main/INFO] [net.neoforged.fml.loading.moddiscovery.ModDiscoverer/SCAN]: Found mod file "neoforge-21.0.167.jar" [locator: userdev mods and services, reader: mod manifest]
[05Nov.2024 15:50:40.621] [main/INFO] [net.neoforged.fml.loading.moddiscovery.ModDiscoverer/SCAN]: Found gamelibrary file "mixinextras-neoforge-0.3.5.jar" [locator: userdev mods and services, reader: mod manifest]
[05Nov.2024 15:50:40.630] [pool-2-thread-1/INFO] [EARLYDISPLAY/]: GL info: Apple M1 Pro GL version 4.1 Metal - 88.1, Apple
[05Nov.2024 15:50:40.682] [main/WARN] [net.neoforged.jarjar.selection.JarSelector/]: Attempted to select a dependency jar for JarJar which was passed in as source: mixinextras-neoforge-0.3.5.jar. Using Mod File: /Users/adrian/.gradle/caches/modules-2/files-2.1/io.github.llamalad7/mixinextras-neoforge/0.3.5/ef3ffcf309dae656517b2f120189b1c9b21737dd/mixinextras-neoforge-0.3.5.jar
[05Nov.2024 15:50:40.683] [main/INFO] [net.neoforged.fml.loading.moddiscovery.locators.JarInJarDependencyLocator/]: No dependencies to load found. Skipping!
[05Nov.2024 15:50:40.819] [main/INFO] [net.neoforged.fml.loading.FMLServiceProvider/CORE]: Loading coremod script-engine for [neoforge]
[05Nov.2024 15:50:41.245] [main/INFO] [cpw.mods.modlauncher.LaunchServiceHandler/MODLAUNCHER]: Launching target 'forgeclientuserdev' with arguments [--version, 21.0.167, --gameDir, ., --assetsDir, /Users/adrian/.gradle/caches/minecraft/assets/1.21, --assetIndex, asset-index]
[05Nov.2024 15:50:42.010] [Datafixer Bootstrap/INFO] [com.mojang.datafixers.DataFixerBuilder/]: 229 Datafixer optimizations took 155 milliseconds
[05Nov.2024 15:50:42.422] [pool-7-thread-1/INFO] [MixinExtras|Service/]: Initializing MixinExtras via com.llamalad7.mixinextras.service.MixinExtrasServiceImpl(version=0.3.5).
[05Nov.2024 15:50:45.702] [main/WARN] [net.minecraft.commands.Commands/]: Ambiguity between arguments [teleport, location] and [teleport, destination] with inputs: [0.1 -0.5 .9, 0 0 0]
[05Nov.2024 15:50:45.703] [main/WARN] [net.minecraft.commands.Commands/]: Ambiguity between arguments [teleport, location] and [teleport, targets] with inputs: [0.1 -0.5 .9, 0 0 0]
[05Nov.2024 15:50:45.704] [main/WARN] [net.minecraft.commands.Commands/]: Ambiguity between arguments [teleport, destination] and [teleport, targets] with inputs: [Player, 0123, @e, dd12be42-52a9-4a91-a8a1-11c01849e498]
[05Nov.2024 15:50:45.705] [main/WARN] [net.minecraft.commands.Commands/]: Ambiguity between arguments [teleport, targets] and [teleport, destination] with inputs: [Player, 0123, dd12be42-52a9-4a91-a8a1-11c01849e498]
[05Nov.2024 15:50:45.706] [main/WARN] [net.minecraft.commands.Commands/]: Ambiguity between arguments [teleport, targets, location] and [teleport, targets, destination] with inputs: [0.1 -0.5 .9, 0 0 0]
[05Nov.2024 15:50:45.765] [Render thread/WARN] [net.minecraft.server.packs.VanillaPackResourcesBuilder/]: Assets URL 'union:/Users/adrian/Documents/Modding/ExTerra/.gradle/repositories/ng_dummy_ng/net/neoforged/neoforge/21.0.167/neoforge-21.0.167.jar%23182!/assets/.mcassetsroot' uses unexpected schema
[05Nov.2024 15:50:45.765] [Render thread/WARN] [net.minecraft.server.packs.VanillaPackResourcesBuilder/]: Assets URL 'union:/Users/adrian/Documents/Modding/ExTerra/.gradle/repositories/ng_dummy_ng/net/neoforged/neoforge/21.0.167/neoforge-21.0.167.jar%23182!/data/.mcassetsroot' uses unexpected schema
[05Nov.2024 15:50:45.776] [Render thread/INFO] [com.mojang.authlib.yggdrasil.YggdrasilAuthenticationService/]: Environment: Environment[sessionHost=https://sessionserver.mojang.com, servicesHost=https://api.minecraftservices.com, name=PROD]
[05Nov.2024 15:50:45.781] [Render thread/INFO] [net.minecraft.client.Minecraft/]: Setting user: Dev
[05Nov.2024 15:50:45.822] [Render thread/INFO] [net.minecraft.client.Minecraft/]: Backend library: LWJGL version 3.3.3+5
[05Nov.2024 15:50:46.118] [modloading-worker-0/INFO] [net.neoforged.neoforge.common.NeoForgeMod/NEOFORGE-MOD]: NeoForge mod loading, version 21.0.167, for MC 1.21
[05Nov.2024 15:50:46.125] [modloading-worker-0/INFO] [com.kauruck.exterra.ExTerra/]: Registered 14 Items
[05Nov.2024 15:50:46.125] [modloading-worker-0/INFO] [com.kauruck.exterra.ExTerra/]: Registered 8 Blocks
[05Nov.2024 15:50:46.125] [modloading-worker-0/INFO] [com.kauruck.exterra.ExTerra/]: Registered 3 Blockentities
[05Nov.2024 15:50:46.125] [modloading-worker-0/INFO] [com.kauruck.exterra.ExTerra/]: Registered 0 Containers
[05Nov.2024 15:50:46.125] [modloading-worker-0/INFO] [com.kauruck.exterra.ExTerra/]: Registered 2 Matters
[05Nov.2024 15:50:46.125] [modloading-worker-0/INFO] [com.kauruck.exterra.ExTerra/]: Registered 1 recipe types
[05Nov.2024 15:50:46.125] [modloading-worker-0/INFO] [com.kauruck.exterra.ExTerra/]: Registered 1 recipe serializer
[05Nov.2024 15:50:46.125] [modloading-worker-0/INFO] [com.kauruck.exterra.ExTerra/]: Registered 1 ingredient serializer
[05Nov.2024 15:50:46.125] [modloading-worker-0/INFO] [com.kauruck.exterra.ExTerra/]: Registered 4 Data Components
[05Nov.2024 15:50:46.125] [modloading-worker-0/INFO] [com.kauruck.exterra.ExTerra/]: Registered 3 geometric serializer
[05Nov.2024 15:50:46.126] [modloading-worker-0/INFO] [com.kauruck.exterra.ExTerra/]: Registered 9 block entity property codecs
[05Nov.2024 15:50:46.126] [modloading-worker-0/INFO] [com.kauruck.exterra.ExTerra/]: Registered 1 creative tabs
[05Nov.2024 15:50:46.599] [Render thread/INFO] [net.neoforged.neoforge.gametest.GameTestHooks/]: Enabled Gametest Namespaces: []
[05Nov.2024 15:50:46.702] [Render thread/INFO] [net.minecraft.server.packs.resources.ReloadableResourceManager/]: Reloading ResourceManager: vanilla, mod_resources, mod/exterra, mod/neoforge
[05Nov.2024 15:50:46.782] [Worker-Main-6/INFO] [net.minecraft.client.gui.font.providers.UnihexProvider/]: Found unifont_all_no_pua-15.1.05.hex, loading
[05Nov.2024 15:50:46.914] [Worker-Main-8/INFO] [net.minecraft.client.gui.font.providers.UnihexProvider/]: Found unifont_jp_patch-15.1.05.hex, loading
[05Nov.2024 15:50:47.286] [Worker-Main-4/WARN] [net.minecraft.client.resources.model.ModelBakery/]: Unable to load model: 'exterra:item/compound_plate' referenced from: exterra:item/compound_plate: java.io.FileNotFoundException: exterra:models/item/compound_plate.json
[05Nov.2024 15:50:47.852] [Render thread/WARN] [net.minecraft.client.sounds.SoundEngine/]: Missing sound for event: minecraft:item.goat_horn.play
[05Nov.2024 15:50:47.852] [Render thread/WARN] [net.minecraft.client.sounds.SoundEngine/]: Missing sound for event: minecraft:entity.goat.screaming.horn_break
[05Nov.2024 15:50:48.822] [Render thread/INFO] [com.mojang.blaze3d.audio.Library/]: OpenAL initialized on device MOMENTUM 4
[05Nov.2024 15:50:48.825] [Render thread/INFO] [net.minecraft.client.sounds.SoundEngine/SOUNDS]: Sound engine started
[05Nov.2024 15:50:48.910] [Render thread/INFO] [net.minecraft.client.renderer.texture.TextureAtlas/]: Created: 1024x512x4 minecraft:textures/atlas/blocks.png-atlas
[05Nov.2024 15:50:48.920] [Render thread/INFO] [net.minecraft.client.renderer.texture.TextureAtlas/]: Created: 256x256x4 minecraft:textures/atlas/signs.png-atlas
[05Nov.2024 15:50:48.920] [Render thread/INFO] [net.minecraft.client.renderer.texture.TextureAtlas/]: Created: 512x512x4 minecraft:textures/atlas/shield_patterns.png-atlas
[05Nov.2024 15:50:48.921] [Render thread/INFO] [net.minecraft.client.renderer.texture.TextureAtlas/]: Created: 512x512x4 minecraft:textures/atlas/banner_patterns.png-atlas
[05Nov.2024 15:50:48.922] [Render thread/INFO] [net.minecraft.client.renderer.texture.TextureAtlas/]: Created: 1024x1024x4 minecraft:textures/atlas/armor_trims.png-atlas
[05Nov.2024 15:50:48.925] [Render thread/INFO] [net.minecraft.client.renderer.texture.TextureAtlas/]: Created: 128x64x4 minecraft:textures/atlas/decorated_pot.png-atlas
[05Nov.2024 15:50:48.926] [Render thread/INFO] [net.minecraft.client.renderer.texture.TextureAtlas/]: Created: 256x256x4 minecraft:textures/atlas/chest.png-atlas
[05Nov.2024 15:50:48.926] [Render thread/INFO] [net.minecraft.client.renderer.texture.TextureAtlas/]: Created: 512x256x4 minecraft:textures/atlas/beds.png-atlas
[05Nov.2024 15:50:48.926] [Render thread/INFO] [net.minecraft.client.renderer.texture.TextureAtlas/]: Created: 512x256x4 minecraft:textures/atlas/shulker_boxes.png-atlas
[05Nov.2024 15:50:49.002] [Render thread/INFO] [net.minecraft.client.renderer.texture.TextureAtlas/]: Created: 512x256x0 minecraft:textures/atlas/particles.png-atlas
[05Nov.2024 15:50:49.003] [Render thread/INFO] [net.minecraft.client.renderer.texture.TextureAtlas/]: Created: 512x256x0 minecraft:textures/atlas/paintings.png-atlas
[05Nov.2024 15:50:49.004] [Render thread/INFO] [net.minecraft.client.renderer.texture.TextureAtlas/]: Created: 256x128x0 minecraft:textures/atlas/mob_effects.png-atlas
[05Nov.2024 15:50:49.004] [Render thread/INFO] [net.minecraft.client.renderer.texture.TextureAtlas/]: Created: 64x64x0 minecraft:textures/atlas/map_decorations.png-atlas
[05Nov.2024 15:50:49.004] [Render thread/INFO] [net.minecraft.client.renderer.texture.TextureAtlas/]: Created: 1024x512x0 minecraft:textures/atlas/gui.png-atlas
[05Nov.2024 15:50:49.039] [Render thread/WARN] [net.minecraft.client.renderer.ShaderInstance/]: Shader rendertype_entity_translucent_emissive could not find sampler named Sampler2 in the specified shader program.
[05Nov.2024 15:50:52.762] [Render thread/INFO] [net.minecraft.world.item.crafting.RecipeManager/]: Loaded 1296 recipes
[05Nov.2024 15:50:52.864] [Render thread/INFO] [net.minecraft.advancements.AdvancementTree/]: Loaded 1405 advancements
[05Nov.2024 15:50:52.867] [Render thread/ERROR] [com.kauruck.exterra.api.recipes.ExTerraRecipeManager/]: Parsing error loading recipe exterra:test
com.google.gson.JsonParseException: Not a JSON object: "exterra:test_matter_2"; Not a number: "1"
	at MC-BOOTSTRAP/datafixerupper@8.0.16/com.mojang.serialization.DataResult$Error.getOrThrow(DataResult.java:287) ~[datafixerupper-8.0.16.jar%23110!/:?]
	at TRANSFORMER/exterra@1.0.0/com.kauruck.exterra.api.recipes.ExTerraRecipeManager.apply(ExTerraRecipeManager.java:63) ~[%23184!/:?]
	at TRANSFORMER/exterra@1.0.0/com.kauruck.exterra.api.recipes.ExTerraRecipeManager.apply(ExTerraRecipeManager.java:26) ~[%23184!/:?]
	at TRANSFORMER/minecraft@1.21/net.minecraft.server.packs.resources.SimplePreparableReloadListener.lambda$reload$1(SimplePreparableReloadListener.java:19) ~[neoforge-21.0.167.jar%23182!/:?]
	at java.base/java.util.concurrent.CompletableFuture$UniAccept.tryFire(CompletableFuture.java:718) ~[?:?]
	at java.base/java.util.concurrent.CompletableFuture$Completion.run(CompletableFuture.java:482) ~[?:?]
	at TRANSFORMER/minecraft@1.21/net.minecraft.server.packs.resources.SimpleReloadInstance.lambda$new$3(SimpleReloadInstance.java:86) ~[neoforge-21.0.167.jar%23182!/:?]
	at TRANSFORMER/minecraft@1.21/net.minecraft.util.thread.BlockableEventLoop.doRunTask(BlockableEventLoop.java:151) ~[neoforge-21.0.167.jar%23182!/:?]
	at TRANSFORMER/minecraft@1.21/net.minecraft.util.thread.ReentrantBlockableEventLoop.doRunTask(ReentrantBlockableEventLoop.java:24) ~[neoforge-21.0.167.jar%23182!/:?]
	at TRANSFORMER/minecraft@1.21/net.minecraft.util.thread.BlockableEventLoop.pollTask(BlockableEventLoop.java:122) ~[neoforge-21.0.167.jar%23182!/:?]
	at TRANSFORMER/minecraft@1.21/net.minecraft.util.thread.BlockableEventLoop.managedBlock(BlockableEventLoop.java:135) ~[neoforge-21.0.167.jar%23182!/:?]
	at TRANSFORMER/minecraft@1.21/net.minecraft.client.gui.screens.worldselection.WorldOpenFlows.loadWorldDataBlocking(WorldOpenFlows.java:201) ~[neoforge-21.0.167.jar%23182!/:?]
	at TRANSFORMER/minecraft@1.21/net.minecraft.client.gui.screens.worldselection.WorldOpenFlows.loadWorldStem(WorldOpenFlows.java:142) ~[neoforge-21.0.167.jar%23182!/:?]
	at TRANSFORMER/minecraft@1.21/net.minecraft.client.gui.screens.worldselection.WorldOpenFlows.openWorldLoadLevelStem(WorldOpenFlows.java:345) ~[neoforge-21.0.167.jar%23182!/:?]
	at TRANSFORMER/minecraft@1.21/net.minecraft.client.gui.screens.worldselection.WorldOpenFlows.openWorldCheckVersionCompatibility(WorldOpenFlows.java:334) ~[neoforge-21.0.167.jar%23182!/:?]
	at TRANSFORMER/minecraft@1.21/net.minecraft.client.gui.screens.worldselection.WorldOpenFlows.openWorldLoadLevelData(WorldOpenFlows.java:296) ~[neoforge-21.0.167.jar%23182!/:?]
	at TRANSFORMER/minecraft@1.21/net.minecraft.client.gui.screens.worldselection.WorldOpenFlows.openWorld(WorldOpenFlows.java:261) ~[neoforge-21.0.167.jar%23182!/:?]
	at TRANSFORMER/minecraft@1.21/net.minecraft.client.gui.screens.worldselection.WorldSelectionList$WorldListEntry.joinWorld(WorldSelectionList.java:516) ~[neoforge-21.0.167.jar%23182!/:?]
	at TRANSFORMER/minecraft@1.21/net.minecraft.client.gui.screens.worldselection.WorldSelectionList$WorldListEntry.mouseClicked(WorldSelectionList.java:499) ~[neoforge-21.0.167.jar%23182!/:?]
	at TRANSFORMER/minecraft@1.21/net.minecraft.client.gui.components.AbstractSelectionList.mouseClicked(AbstractSelectionList.java:303) ~[neoforge-21.0.167.jar%23182!/:?]
	at TRANSFORMER/minecraft@1.21/net.minecraft.client.gui.components.events.ContainerEventHandler.mouseClicked(ContainerEventHandler.java:52) ~[neoforge-21.0.167.jar%23182!/:?]
	at TRANSFORMER/minecraft@1.21/net.minecraft.client.MouseHandler.lambda$onPress$0(MouseHandler.java:103) ~[neoforge-21.0.167.jar%23182!/:?]
	at TRANSFORMER/minecraft@1.21/net.minecraft.client.gui.screens.Screen.wrapScreenError(Screen.java:469) ~[neoforge-21.0.167.jar%23182!/:?]
	at TRANSFORMER/minecraft@1.21/net.minecraft.client.MouseHandler.onPress(MouseHandler.java:100) ~[neoforge-21.0.167.jar%23182!/:?]
	at TRANSFORMER/minecraft@1.21/net.minecraft.client.MouseHandler.lambda$setup$4(MouseHandler.java:212) ~[neoforge-21.0.167.jar%23182!/:?]
	at TRANSFORMER/minecraft@1.21/net.minecraft.util.thread.BlockableEventLoop.execute(BlockableEventLoop.java:98) ~[neoforge-21.0.167.jar%23182!/:?]
	at TRANSFORMER/minecraft@1.21/net.minecraft.client.MouseHandler.lambda$setup$5(MouseHandler.java:212) ~[neoforge-21.0.167.jar%23182!/:?]
	at MC-BOOTSTRAP/org.lwjgl.glfw@3.3.3+5/org.lwjgl.glfw.GLFWMouseButtonCallbackI.callback(GLFWMouseButtonCallbackI.java:43) ~[lwjgl-glfw-3.3.3.jar%23164!/:build 5]
	at MC-BOOTSTRAP/org.lwjgl@3.3.3+5/org.lwjgl.system.JNI.invokeV(Native Method) ~[lwjgl-3.3.3.jar%23176!/:build 5]
	at MC-BOOTSTRAP/org.lwjgl.glfw@3.3.3+5/org.lwjgl.glfw.GLFW.glfwWaitEventsTimeout(GLFW.java:3509) ~[lwjgl-glfw-3.3.3.jar%23164!/:build 5]
	at TRANSFORMER/minecraft@1.21/com.mojang.blaze3d.systems.RenderSystem.limitDisplayFPS(RenderSystem.java:162) ~[neoforge-21.0.167.jar%23182!/:?]
	at TRANSFORMER/minecraft@1.21/net.minecraft.client.Minecraft.runTick(Minecraft.java:1226) ~[neoforge-21.0.167.jar%23182!/:?]
	at TRANSFORMER/minecraft@1.21/net.minecraft.client.Minecraft.run(Minecraft.java:813) ~[neoforge-21.0.167.jar%23182!/:?]
	at TRANSFORMER/minecraft@1.21/net.minecraft.client.main.Main.main(Main.java:230) ~[neoforge-21.0.167.jar%23182!/:?]
	at java.base/jdk.internal.reflect.DirectMethodHandleAccessor.invoke(DirectMethodHandleAccessor.java:103) ~[?:?]
	at java.base/java.lang.reflect.Method.invoke(Method.java:580) ~[?:?]
	at MC-BOOTSTRAP/fml_loader@4.0.23/net.neoforged.fml.loading.targets.CommonLaunchHandler.runTarget(CommonLaunchHandler.java:136) ~[loader-4.0.23.jar%23135!/:4.0]
	at MC-BOOTSTRAP/fml_loader@4.0.23/net.neoforged.fml.loading.targets.CommonLaunchHandler.clientService(CommonLaunchHandler.java:124) ~[loader-4.0.23.jar%23135!/:4.0]
	at MC-BOOTSTRAP/fml_loader@4.0.23/net.neoforged.fml.loading.targets.NeoForgeClientUserdevLaunchHandler.runService(NeoForgeClientUserdevLaunchHandler.java:23) ~[loader-4.0.23.jar%23135!/:4.0]
	at MC-BOOTSTRAP/fml_loader@4.0.23/net.neoforged.fml.loading.targets.CommonLaunchHandler.lambda$launchService$4(CommonLaunchHandler.java:118) ~[loader-4.0.23.jar%23135!/:4.0]
	at MC-BOOTSTRAP/cpw.mods.modlauncher@11.0.4/cpw.mods.modlauncher.LaunchServiceHandlerDecorator.launch(LaunchServiceHandlerDecorator.java:30) [modlauncher-11.0.4.jar%23117!/:?]
	at MC-BOOTSTRAP/cpw.mods.modlauncher@11.0.4/cpw.mods.modlauncher.LaunchServiceHandler.launch(LaunchServiceHandler.java:53) [modlauncher-11.0.4.jar%23117!/:?]
	at MC-BOOTSTRAP/cpw.mods.modlauncher@11.0.4/cpw.mods.modlauncher.LaunchServiceHandler.launch(LaunchServiceHandler.java:71) [modlauncher-11.0.4.jar%23117!/:?]
	at MC-BOOTSTRAP/cpw.mods.modlauncher@11.0.4/cpw.mods.modlauncher.Launcher.run(Launcher.java:103) [modlauncher-11.0.4.jar%23117!/:?]
	at MC-BOOTSTRAP/cpw.mods.modlauncher@11.0.4/cpw.mods.modlauncher.Launcher.main(Launcher.java:74) [modlauncher-11.0.4.jar%23117!/:?]
	at MC-BOOTSTRAP/cpw.mods.modlauncher@11.0.4/cpw.mods.modlauncher.BootstrapLaunchConsumer.accept(BootstrapLaunchConsumer.java:26) [modlauncher-11.0.4.jar%23117!/:?]
	at MC-BOOTSTRAP/cpw.mods.modlauncher@11.0.4/cpw.mods.modlauncher.BootstrapLaunchConsumer.accept(BootstrapLaunchConsumer.java:23) [modlauncher-11.0.4.jar%23117!/:?]
	at cpw.mods.bootstraplauncher@2.0.2/cpw.mods.bootstraplauncher.BootstrapLauncher.run(BootstrapLauncher.java:210) [bootstraplauncher-2.0.2.jar:?]
	at cpw.mods.bootstraplauncher@2.0.2/cpw.mods.bootstraplauncher.BootstrapLauncher.main(BootstrapLauncher.java:69) [bootstraplauncher-2.0.2.jar:?]
[05Nov.2024 15:50:52.868] [Render thread/INFO] [com.kauruck.exterra.api.recipes.ExTerraRecipeManager/]: Loaded 0 recipes
[05Nov.2024 15:50:53.200] [Server thread/INFO] [net.minecraft.client.server.IntegratedServer/]: Starting integrated minecraft server version 1.21
[05Nov.2024 15:50:53.201] [Server thread/INFO] [net.minecraft.server.MinecraftServer/]: Generating keypair
[05Nov.2024 15:50:53.372] [Server thread/INFO] [net.minecraft.server.MinecraftServer/]: Preparing start region for dimension minecraft:overworld
[05Nov.2024 15:50:53.485] [progressListener/INFO] [net.minecraft.server.level.progress.LoggerChunkProgressListener/]: Preparing spawn area: 0%
[05Nov.2024 15:50:53.531] [Server thread/INFO] [net.neoforged.neoforge.server.permission.PermissionAPI/]: Successfully initialized permission handler neoforge:default_handler
[05Nov.2024 15:50:53.544] [progressListener/INFO] [net.minecraft.server.level.progress.LoggerChunkProgressListener/]: Time elapsed: 151 ms
[05Nov.2024 15:50:53.591] [Server thread/INFO] [net.minecraft.client.server.IntegratedServer/]: Changing view distance to 12, from 10
[05Nov.2024 15:50:53.591] [Server thread/INFO] [net.minecraft.client.server.IntegratedServer/]: Changing simulation distance to 12, from 0
[05Nov.2024 15:50:53.949] [Server thread/INFO] [net.minecraft.server.players.PlayerList/]: Dev[local:E:57c1fefb] logged in with entity id 6 at (4.365182555491792, -59.875, -6.945698813926427)
[05Nov.2024 15:50:53.982] [Server thread/INFO] [net.minecraft.server.MinecraftServer/]: Dev joined the game
[05Nov.2024 15:50:54.068] [Render thread/INFO] [net.minecraft.advancements.AdvancementTree/]: Loaded 2 advancements
[05Nov.2024 15:51:33.841] [Server thread/INFO] [com.kauruck.exterra.ExTerra/]: []
[05Nov.2024 15:51:45.704] [Render thread/INFO] [net.minecraft.client.gui.components.ChatComponent/]: [System] [CHAT] block.exterra.ritual_stone\nbroken: false (synced)\nshapes: [shape.exterra.square] (requestable)\nnetwork: [] (requestable)\n
[05Nov.2024 15:52:06.334] [Server thread/INFO] [net.minecraft.client.server.IntegratedServer/]: Saving and pausing game...
[05Nov.2024 15:52:06.352] [Server thread/INFO] [net.minecraft.server.MinecraftServer/]: Saving chunks for level 'ServerLevel[Play]'/minecraft:overworld
[05Nov.2024 15:52:06.374] [Server thread/INFO] [net.minecraft.server.MinecraftServer/]: Saving chunks for level 'ServerLevel[Play]'/minecraft:the_end
[05Nov.2024 15:52:06.385] [Server thread/INFO] [net.minecraft.server.MinecraftServer/]: Saving chunks for level 'ServerLevel[Play]'/minecraft:the_nether
[05Nov.2024 15:52:11.035] [Server thread/INFO] [net.minecraft.client.server.IntegratedServer/]: Saving and pausing game...
[05Nov.2024 15:52:11.059] [Server thread/INFO] [net.minecraft.server.MinecraftServer/]: Saving chunks for level 'ServerLevel[Play]'/minecraft:overworld
[05Nov.2024 15:52:11.087] [Server thread/INFO] [net.minecraft.server.MinecraftServer/]: Saving chunks for level 'ServerLevel[Play]'/minecraft:the_end
[05Nov.2024 15:52:11.094] [Server thread/INFO] [net.minecraft.server.MinecraftServer/]: Saving chunks for level 'ServerLevel[Play]'/minecraft:the_nether
[05Nov.2024 15:52:13.823] [Render thread/INFO] [net.minecraft.client.gui.components.ChatComponent/]: [System] [CHAT] 1
[05Nov.2024 15:52:13.824] [Render thread/INFO] [net.minecraft.client.gui.components.ChatComponent/]: [System] [CHAT] shape.exterra.square
[05Nov.2024 15:52:42.735] [Server thread/INFO] [net.minecraft.client.server.IntegratedServer/]: Saving and pausing game...
[05Nov.2024 15:52:42.741] [Server thread/INFO] [net.minecraft.server.MinecraftServer/]: Saving chunks for level 'ServerLevel[Play]'/minecraft:overworld
[05Nov.2024 15:52:42.763] [Server thread/INFO] [net.minecraft.server.MinecraftServer/]: Saving chunks for level 'ServerLevel[Play]'/minecraft:the_end
[05Nov.2024 15:52:42.774] [Server thread/INFO] [net.minecraft.server.MinecraftServer/]: Saving chunks for level 'ServerLevel[Play]'/minecraft:the_nether
[05Nov.2024 15:52:43.785] [Server thread/INFO] [net.minecraft.client.server.IntegratedServer/]: Saving and pausing game...
[05Nov.2024 15:52:43.788] [Server thread/INFO] [net.minecraft.server.MinecraftServer/]: Saving chunks for level 'ServerLevel[Play]'/minecraft:overworld
[05Nov.2024 15:52:43.795] [Server thread/INFO] [net.minecraft.server.MinecraftServer/]: Saving chunks for level 'ServerLevel[Play]'/minecraft:the_end
[05Nov.2024 15:52:43.800] [Server thread/INFO] [net.minecraft.server.MinecraftServer/]: Saving chunks for level 'ServerLevel[Play]'/minecraft:the_nether
[05Nov.2024 15:52:44.491] [Server thread/INFO] [net.minecraft.server.network.ServerGamePacketListenerImpl/]: Dev lost connection: Disconnected
[05Nov.2024 15:52:44.491] [Server thread/INFO] [net.minecraft.server.MinecraftServer/]: Dev left the game
[05Nov.2024 15:52:44.500] [Server thread/INFO] [net.minecraft.server.network.ServerCommonPacketListenerImpl/]: Stopping singleplayer server as player logged out
[05Nov.2024 15:52:44.536] [Server thread/INFO] [net.minecraft.server.MinecraftServer/]: Stopping server
[05Nov.2024 15:52:44.536] [Server thread/INFO] [net.minecraft.server.MinecraftServer/]: Saving players
[05Nov.2024 15:52:44.536] [Server thread/INFO] [net.minecraft.server.MinecraftServer/]: Saving worlds
[05Nov.2024 15:52:44.620] [Server thread/INFO] [net.minecraft.server.MinecraftServer/]: Saving chunks for level 'ServerLevel[Play]'/minecraft:overworld
[05Nov.2024 15:52:44.670] [Server thread/INFO] [net.minecraft.server.MinecraftServer/]: Saving chunks for level 'ServerLevel[Play]'/minecraft:the_end
[05Nov.2024 15:52:44.675] [Server thread/INFO] [net.minecraft.server.MinecraftServer/]: Saving chunks for level 'ServerLevel[Play]'/minecraft:the_nether
[05Nov.2024 15:52:44.681] [Server thread/INFO] [net.minecraft.server.MinecraftServer/]: ThreadedAnvilChunkStorage (Play (1)): All chunks are saved
[05Nov.2024 15:52:44.681] [Server thread/INFO] [net.minecraft.server.MinecraftServer/]: ThreadedAnvilChunkStorage (DIM1): All chunks are saved
[05Nov.2024 15:52:44.681] [Server thread/INFO] [net.minecraft.server.MinecraftServer/]: ThreadedAnvilChunkStorage (DIM-1): All chunks are saved
[05Nov.2024 15:52:44.681] [Server thread/INFO] [net.minecraft.server.MinecraftServer/]: ThreadedAnvilChunkStorage: All dimensions are saved
[05Nov.2024 15:52:45.409] [Render thread/INFO] [net.minecraft.client.Minecraft/]: Stopping!
